Archive member included because of file (symbol)

/usr/lib/gcc/avr/4.5.1/avr5/libgcc.a(_mulsi3.o)
                              time.o (__mulsi3)
/usr/lib/gcc/avr/4.5.1/avr5/libgcc.a(_exit.o)
                              /usr/lib/gcc/avr/4.5.1/../../../../avr/lib/avr5/crtm328p.o (exit)
/usr/lib/gcc/avr/4.5.1/avr5/libgcc.a(_copy_data.o)
                              custom.o (__do_copy_data)
/usr/lib/gcc/avr/4.5.1/avr5/libgcc.a(_clear_bss.o)
                              custom.o (__do_clear_bss)
/usr/lib/gcc/avr/4.5.1/avr5/libgcc.a(_fixunssfsi.o)
                              custom.o (__fixunssfsi)
/usr/lib/gcc/avr/4.5.1/avr5/libgcc.a(_addsub_sf.o)
                              /usr/lib/gcc/avr/4.5.1/avr5/libgcc.a(_fixunssfsi.o) (__subsf3)
/usr/lib/gcc/avr/4.5.1/avr5/libgcc.a(_mul_sf.o)
                              custom.o (__mulsf3)
/usr/lib/gcc/avr/4.5.1/avr5/libgcc.a(_gt_sf.o)
                              custom.o (__gtsf2)
/usr/lib/gcc/avr/4.5.1/avr5/libgcc.a(_ge_sf.o)
                              /usr/lib/gcc/avr/4.5.1/avr5/libgcc.a(_fixunssfsi.o) (__gesf2)
/usr/lib/gcc/avr/4.5.1/avr5/libgcc.a(_lt_sf.o)
                              custom.o (__ltsf2)
/usr/lib/gcc/avr/4.5.1/avr5/libgcc.a(_si_to_sf.o)
                              custom.o (__floatsisf)
/usr/lib/gcc/avr/4.5.1/avr5/libgcc.a(_sf_to_si.o)
                              /usr/lib/gcc/avr/4.5.1/avr5/libgcc.a(_fixunssfsi.o) (__fixsfsi)
/usr/lib/gcc/avr/4.5.1/avr5/libgcc.a(_thenan_sf.o)
                              /usr/lib/gcc/avr/4.5.1/avr5/libgcc.a(_addsub_sf.o) (__thenan_sf)
/usr/lib/gcc/avr/4.5.1/avr5/libgcc.a(_prologue.o)
                              /usr/lib/gcc/avr/4.5.1/avr5/libgcc.a(_addsub_sf.o) (__prologue_saves__)
/usr/lib/gcc/avr/4.5.1/avr5/libgcc.a(_epilogue.o)
                              /usr/lib/gcc/avr/4.5.1/avr5/libgcc.a(_addsub_sf.o) (__epilogue_restores__)
/usr/lib/gcc/avr/4.5.1/avr5/libgcc.a(_clzsi2.o)
                              /usr/lib/gcc/avr/4.5.1/avr5/libgcc.a(_si_to_sf.o) (__clzsi2)
/usr/lib/gcc/avr/4.5.1/avr5/libgcc.a(_pack_sf.o)
                              /usr/lib/gcc/avr/4.5.1/avr5/libgcc.a(_addsub_sf.o) (__pack_f)
/usr/lib/gcc/avr/4.5.1/avr5/libgcc.a(_unpack_sf.o)
                              /usr/lib/gcc/avr/4.5.1/avr5/libgcc.a(_addsub_sf.o) (__unpack_f)
/usr/lib/gcc/avr/4.5.1/avr5/libgcc.a(_fpcmp_parts_sf.o)
                              /usr/lib/gcc/avr/4.5.1/avr5/libgcc.a(_gt_sf.o) (__fpcmp_parts_f)
/usr/lib/gcc/avr/4.5.1/avr5/libgcc.a(_clz.o)
                              /usr/lib/gcc/avr/4.5.1/avr5/libgcc.a(_clzsi2.o) (__clz_tab)
/usr/lib/gcc/avr/4.5.1/../../../../avr/lib/avr5/libc.a(fdevopen.o)
                              serial.o (fdevopen)
/usr/lib/gcc/avr/4.5.1/../../../../avr/lib/avr5/libc.a(iob.o)
                              /usr/lib/gcc/avr/4.5.1/../../../../avr/lib/avr5/libc.a(fdevopen.o) (__iob)
/usr/lib/gcc/avr/4.5.1/../../../../avr/lib/avr5/libc.a(calloc.o)
                              /usr/lib/gcc/avr/4.5.1/../../../../avr/lib/avr5/libc.a(fdevopen.o) (calloc)
/usr/lib/gcc/avr/4.5.1/../../../../avr/lib/avr5/libc.a(malloc.o)
                              /usr/lib/gcc/avr/4.5.1/../../../../avr/lib/avr5/libc.a(calloc.o) (malloc)
/usr/lib/gcc/avr/4.5.1/../../../../avr/lib/avr5/libc.a(memset.o)
                              /usr/lib/gcc/avr/4.5.1/../../../../avr/lib/avr5/libc.a(calloc.o) (memset)

Allocating common symbols
Common symbol       size              file

call                0x2               time.o
__brkval            0x2               /usr/lib/gcc/avr/4.5.1/../../../../avr/lib/avr5/libc.a(malloc.o)
error_call          0x2               time.o
num_interrupts      0x4               time.o
__flp               0x2               /usr/lib/gcc/avr/4.5.1/../../../../avr/lib/avr5/libc.a(malloc.o)
__iob               0x6               /usr/lib/gcc/avr/4.5.1/../../../../avr/lib/avr5/libc.a(iob.o)

Memory Configuration

Name             Origin             Length             Attributes
text             0x00000000         0x00020000         xr
data             0x00800060         0x0000ffa0         rw !x
eeprom           0x00810000         0x00010000         rw !x
*default*        0x00000000         0xffffffff

Linker script and memory map

Address of section .data set to 0x800100
LOAD /usr/lib/gcc/avr/4.5.1/../../../../avr/lib/avr5/crtm328p.o
LOAD custom.o
LOAD time.o
LOAD serial.o
LOAD /usr/lib/gcc/avr/4.5.1/avr5/libgcc.a
LOAD /usr/lib/gcc/avr/4.5.1/../../../../avr/lib/avr5/libc.a
LOAD /usr/lib/gcc/avr/4.5.1/avr5/libgcc.a

.hash
 *(.hash)

.dynsym
 *(.dynsym)

.dynstr
 *(.dynstr)

.gnu.version
 *(.gnu.version)

.gnu.version_d
 *(.gnu.version_d)

.gnu.version_r
 *(.gnu.version_r)

.rel.init
 *(.rel.init)

.rela.init
 *(.rela.init)

.rel.text
 *(.rel.text)
 *(.rel.text.*)
 *(.rel.gnu.linkonce.t*)

.rela.text
 *(.rela.text)
 *(.rela.text.*)
 *(.rela.gnu.linkonce.t*)

.rel.fini
 *(.rel.fini)

.rela.fini
 *(.rela.fini)

.rel.rodata
 *(.rel.rodata)
 *(.rel.rodata.*)
 *(.rel.gnu.linkonce.r*)

.rela.rodata
 *(.rela.rodata)
 *(.rela.rodata.*)
 *(.rela.gnu.linkonce.r*)

.rel.data
 *(.rel.data)
 *(.rel.data.*)
 *(.rel.gnu.linkonce.d*)

.rela.data
 *(.rela.data)
 *(.rela.data.*)
 *(.rela.gnu.linkonce.d*)

.rel.ctors
 *(.rel.ctors)

.rela.ctors
 *(.rela.ctors)

.rel.dtors
 *(.rel.dtors)

.rela.dtors
 *(.rela.dtors)

.rel.got
 *(.rel.got)

.rela.got
 *(.rela.got)

.rel.bss
 *(.rel.bss)

.rela.bss
 *(.rela.bss)

.rel.plt
 *(.rel.plt)

.rela.plt
 *(.rela.plt)

.text           0x00000000     0x13ac
 *(.vectors)
 .vectors       0x00000000       0x68 /usr/lib/gcc/avr/4.5.1/../../../../avr/lib/avr5/crtm328p.o
                0x00000000                __vectors
                0x00000000                __vector_default
 *(.vectors)
 *(.progmem.gcc*)
 *(.progmem*)
                0x00000068                . = ALIGN (0x2)
                0x00000068                __trampolines_start = .
 *(.trampolines)
 .trampolines   0x00000068        0x0 linker stubs
 *(.trampolines*)
                0x00000068                __trampolines_end = .
 *(.jumptables)
 *(.jumptables*)
 *(.lowtext)
 *(.lowtext*)
                0x00000068                __ctors_start = .
 *(.ctors)
                0x00000068                __ctors_end = .
                0x00000068                __dtors_start = .
 *(.dtors)
                0x00000068                __dtors_end = .
 SORT(*)(.ctors)
 SORT(*)(.dtors)
 *(.init0)
 .init0         0x00000068        0x0 /usr/lib/gcc/avr/4.5.1/../../../../avr/lib/avr5/crtm328p.o
                0x00000068                __init
 *(.init0)
 *(.init1)
 *(.init1)
 *(.init2)
 .init2         0x00000068        0xc /usr/lib/gcc/avr/4.5.1/../../../../avr/lib/avr5/crtm328p.o
 *(.init2)
 *(.init3)
 *(.init3)
 *(.init4)
 .init4         0x00000074       0x16 /usr/lib/gcc/avr/4.5.1/avr5/libgcc.a(_copy_data.o)
                0x00000074                __do_copy_data
 .init4         0x0000008a       0x10 /usr/lib/gcc/avr/4.5.1/avr5/libgcc.a(_clear_bss.o)
                0x0000008a                __do_clear_bss
 *(.init4)
 *(.init5)
 *(.init5)
 *(.init6)
 *(.init6)
 *(.init7)
 *(.init7)
 *(.init8)
 *(.init8)
 *(.init9)
 .init9         0x0000009a        0x8 /usr/lib/gcc/avr/4.5.1/../../../../avr/lib/avr5/crtm328p.o
 *(.init9)
 *(.text)
 .text          0x000000a2        0x4 /usr/lib/gcc/avr/4.5.1/../../../../avr/lib/avr5/crtm328p.o
                0x000000a2                __vector_22
                0x000000a2                __vector_1
                0x000000a2                __vector_24
                0x000000a2                __vector_12
                0x000000a2                __bad_interrupt
                0x000000a2                __vector_6
                0x000000a2                __vector_3
                0x000000a2                __vector_23
                0x000000a2                __vector_25
                0x000000a2                __vector_13
                0x000000a2                __vector_17
                0x000000a2                __vector_19
                0x000000a2                __vector_7
                0x000000a2                __vector_5
                0x000000a2                __vector_4
                0x000000a2                __vector_9
                0x000000a2                __vector_2
                0x000000a2                __vector_21
                0x000000a2                __vector_15
                0x000000a2                __vector_8
                0x000000a2                __vector_14
                0x000000a2                __vector_10
                0x000000a2                __vector_16
                0x000000a2                __vector_18
                0x000000a2                __vector_20
 .text          0x000000a6      0x134 custom.o
                0x000000a6                main
 .text          0x000001da      0x164 time.o
                0x000001da                init_timer1
                0x00000222                __vector_11
                0x000002ac                microsecond
                0x00000324                init_pwm0
 .text          0x0000033e       0x60 serial.o
                0x0000033e                cput
                0x00000350                cget
                0x00000360                init_serial_9600
                0x00000382                init_serial_write
                0x00000390                init_serial_read
 .text          0x0000039e        0x0 /usr/lib/gcc/avr/4.5.1/avr5/libgcc.a(_mulsi3.o)
 .text          0x0000039e        0x0 /usr/lib/gcc/avr/4.5.1/avr5/libgcc.a(_exit.o)
 .text          0x0000039e        0x0 /usr/lib/gcc/avr/4.5.1/avr5/libgcc.a(_copy_data.o)
 .text          0x0000039e        0x0 /usr/lib/gcc/avr/4.5.1/avr5/libgcc.a(_clear_bss.o)
 .text          0x0000039e       0x58 /usr/lib/gcc/avr/4.5.1/avr5/libgcc.a(_fixunssfsi.o)
                0x0000039e                __fixunssfsi
 .text          0x000003f6      0x354 /usr/lib/gcc/avr/4.5.1/avr5/libgcc.a(_addsub_sf.o)
                0x0000068e                __addsf3
                0x000006e8                __subsf3
 .text          0x0000074a      0x1fa /usr/lib/gcc/avr/4.5.1/avr5/libgcc.a(_mul_sf.o)
                0x0000074a                __mulsf3
 .text          0x00000944       0x60 /usr/lib/gcc/avr/4.5.1/avr5/libgcc.a(_gt_sf.o)
                0x00000944                __gtsf2
 .text          0x000009a4       0x60 /usr/lib/gcc/avr/4.5.1/avr5/libgcc.a(_ge_sf.o)
                0x000009a4                __gesf2
 .text          0x00000a04       0x60 /usr/lib/gcc/avr/4.5.1/avr5/libgcc.a(_lt_sf.o)
                0x00000a04                __ltsf2
 .text          0x00000a64       0xc0 /usr/lib/gcc/avr/4.5.1/avr5/libgcc.a(_si_to_sf.o)
                0x00000a64                __floatsisf
 .text          0x00000b24       0xa6 /usr/lib/gcc/avr/4.5.1/avr5/libgcc.a(_sf_to_si.o)
                0x00000b24                __fixsfsi
 .text          0x00000bca        0x0 /usr/lib/gcc/avr/4.5.1/avr5/libgcc.a(_thenan_sf.o)
 .text          0x00000bca        0x0 /usr/lib/gcc/avr/4.5.1/avr5/libgcc.a(_prologue.o)
 .text          0x00000bca        0x0 /usr/lib/gcc/avr/4.5.1/avr5/libgcc.a(_epilogue.o)
 .text          0x00000bca       0xb6 /usr/lib/gcc/avr/4.5.1/avr5/libgcc.a(_clzsi2.o)
                0x00000bca                __clzsi2
 .text          0x00000c80      0x1a2 /usr/lib/gcc/avr/4.5.1/avr5/libgcc.a(_pack_sf.o)
                0x00000c80                __pack_f
 .text          0x00000e22       0xd2 /usr/lib/gcc/avr/4.5.1/avr5/libgcc.a(_unpack_sf.o)
                0x00000e22                __unpack_f
 .text          0x00000ef4       0xb2 /usr/lib/gcc/avr/4.5.1/avr5/libgcc.a(_fpcmp_parts_sf.o)
                0x00000ef4                __fpcmp_parts_f
 .text          0x00000fa6        0x0 /usr/lib/gcc/avr/4.5.1/avr5/libgcc.a(_clz.o)
 .text          0x00000fa6        0x0 /usr/lib/gcc/avr/4.5.1/../../../../avr/lib/avr5/libc.a(fdevopen.o)
 .text          0x00000fa6        0x0 /usr/lib/gcc/avr/4.5.1/../../../../avr/lib/avr5/libc.a(iob.o)
 .text          0x00000fa6        0x0 /usr/lib/gcc/avr/4.5.1/../../../../avr/lib/avr5/libc.a(calloc.o)
 .text          0x00000fa6        0x0 /usr/lib/gcc/avr/4.5.1/../../../../avr/lib/avr5/libc.a(malloc.o)
 .text          0x00000fa6        0x0 /usr/lib/gcc/avr/4.5.1/../../../../avr/lib/avr5/libc.a(memset.o)
                0x00000fa6                . = ALIGN (0x2)
 *(.text.*)
 .text.libgcc   0x00000fa6       0x3e /usr/lib/gcc/avr/4.5.1/avr5/libgcc.a(_mulsi3.o)
                0x00000fa6                __mulsi3
 .text.libgcc   0x00000fe4        0x0 /usr/lib/gcc/avr/4.5.1/avr5/libgcc.a(_exit.o)
 .text.libgcc   0x00000fe4        0x0 /usr/lib/gcc/avr/4.5.1/avr5/libgcc.a(_copy_data.o)
 .text.libgcc   0x00000fe4        0x0 /usr/lib/gcc/avr/4.5.1/avr5/libgcc.a(_clear_bss.o)
 .text.libgcc   0x00000fe4       0x38 /usr/lib/gcc/avr/4.5.1/avr5/libgcc.a(_prologue.o)
                0x00000fe4                __prologue_saves__
 .text.libgcc   0x0000101c       0x36 /usr/lib/gcc/avr/4.5.1/avr5/libgcc.a(_epilogue.o)
                0x0000101c                __epilogue_restores__
 .text.avr-libc
                0x00001052       0x96 /usr/lib/gcc/avr/4.5.1/../../../../avr/lib/avr5/libc.a(fdevopen.o)
                0x00001052                fdevopen
 .text.avr-libc
                0x000010e8       0x48 /usr/lib/gcc/avr/4.5.1/../../../../avr/lib/avr5/libc.a(calloc.o)
                0x000010e8                calloc
 .text.avr-libc
                0x00001130      0x26a /usr/lib/gcc/avr/4.5.1/../../../../avr/lib/avr5/libc.a(malloc.o)
                0x00001130                malloc
                0x00001268                free
 .text.avr-libc
                0x0000139a        0xe /usr/lib/gcc/avr/4.5.1/../../../../avr/lib/avr5/libc.a(memset.o)
                0x0000139a                memset
                0x000013a8                . = ALIGN (0x2)
 *(.fini9)
 .fini9         0x000013a8        0x0 /usr/lib/gcc/avr/4.5.1/avr5/libgcc.a(_exit.o)
                0x000013a8                exit
                0x000013a8                _exit
 *(.fini9)
 *(.fini8)
 *(.fini8)
 *(.fini7)
 *(.fini7)
 *(.fini6)
 *(.fini6)
 *(.fini5)
 *(.fini5)
 *(.fini4)
 *(.fini4)
 *(.fini3)
 *(.fini3)
 *(.fini2)
 *(.fini2)
 *(.fini1)
 *(.fini1)
 *(.fini0)
 .fini0         0x000013a8        0x4 /usr/lib/gcc/avr/4.5.1/avr5/libgcc.a(_exit.o)
 *(.fini0)
                0x000013ac                _etext = .

.data           0x00800100      0x10e load address 0x000013ac
                0x00800100                PROVIDE (__data_start, .)
 *(.data)
 .data          0x00800100        0x0 /usr/lib/gcc/avr/4.5.1/../../../../avr/lib/avr5/crtm328p.o
 .data          0x00800100        0x0 custom.o
 .data          0x00800100        0x0 time.o
 .data          0x00800100        0x0 serial.o
 .data          0x00800100        0x0 /usr/lib/gcc/avr/4.5.1/avr5/libgcc.a(_mulsi3.o)
 .data          0x00800100        0x0 /usr/lib/gcc/avr/4.5.1/avr5/libgcc.a(_exit.o)
 .data          0x00800100        0x0 /usr/lib/gcc/avr/4.5.1/avr5/libgcc.a(_copy_data.o)
 .data          0x00800100        0x0 /usr/lib/gcc/avr/4.5.1/avr5/libgcc.a(_clear_bss.o)
 .data          0x00800100        0x0 /usr/lib/gcc/avr/4.5.1/avr5/libgcc.a(_fixunssfsi.o)
 .data          0x00800100        0x0 /usr/lib/gcc/avr/4.5.1/avr5/libgcc.a(_addsub_sf.o)
 .data          0x00800100        0x0 /usr/lib/gcc/avr/4.5.1/avr5/libgcc.a(_mul_sf.o)
 .data          0x00800100        0x0 /usr/lib/gcc/avr/4.5.1/avr5/libgcc.a(_gt_sf.o)
 .data          0x00800100        0x0 /usr/lib/gcc/avr/4.5.1/avr5/libgcc.a(_ge_sf.o)
 .data          0x00800100        0x0 /usr/lib/gcc/avr/4.5.1/avr5/libgcc.a(_lt_sf.o)
 .data          0x00800100        0x0 /usr/lib/gcc/avr/4.5.1/avr5/libgcc.a(_si_to_sf.o)
 .data          0x00800100        0x0 /usr/lib/gcc/avr/4.5.1/avr5/libgcc.a(_sf_to_si.o)
 .data          0x00800100        0x8 /usr/lib/gcc/avr/4.5.1/avr5/libgcc.a(_thenan_sf.o)
                0x00800100                __thenan_sf
 .data          0x00800108        0x0 /usr/lib/gcc/avr/4.5.1/avr5/libgcc.a(_prologue.o)
 .data          0x00800108        0x0 /usr/lib/gcc/avr/4.5.1/avr5/libgcc.a(_epilogue.o)
 .data          0x00800108        0x0 /usr/lib/gcc/avr/4.5.1/avr5/libgcc.a(_clzsi2.o)
 .data          0x00800108        0x0 /usr/lib/gcc/avr/4.5.1/avr5/libgcc.a(_pack_sf.o)
 .data          0x00800108        0x0 /usr/lib/gcc/avr/4.5.1/avr5/libgcc.a(_unpack_sf.o)
 .data          0x00800108        0x0 /usr/lib/gcc/avr/4.5.1/avr5/libgcc.a(_fpcmp_parts_sf.o)
 .data          0x00800108      0x100 /usr/lib/gcc/avr/4.5.1/avr5/libgcc.a(_clz.o)
                0x00800108                __clz_tab
 .data          0x00800208        0x0 /usr/lib/gcc/avr/4.5.1/../../../../avr/lib/avr5/libc.a(fdevopen.o)
 .data          0x00800208        0x0 /usr/lib/gcc/avr/4.5.1/../../../../avr/lib/avr5/libc.a(iob.o)
 .data          0x00800208        0x0 /usr/lib/gcc/avr/4.5.1/../../../../avr/lib/avr5/libc.a(calloc.o)
 .data          0x00800208        0x6 /usr/lib/gcc/avr/4.5.1/../../../../avr/lib/avr5/libc.a(malloc.o)
                0x00800208                __malloc_margin
                0x0080020a                __malloc_heap_start
                0x0080020c                __malloc_heap_end
 .data          0x0080020e        0x0 /usr/lib/gcc/avr/4.5.1/../../../../avr/lib/avr5/libc.a(memset.o)
 *(.data*)
 *(.rodata)
 *(.rodata*)
 *(.gnu.linkonce.d*)
                0x0080020e                . = ALIGN (0x2)
                0x0080020e                _edata = .
                0x0080020e                PROVIDE (__data_end, .)

.bss            0x0080020e       0x12
                0x0080020e                PROVIDE (__bss_start, .)
 *(.bss)
 .bss           0x0080020e        0x0 /usr/lib/gcc/avr/4.5.1/../../../../avr/lib/avr5/crtm328p.o
 .bss           0x0080020e        0x0 custom.o
 .bss           0x0080020e        0x0 time.o
 .bss           0x0080020e        0x0 serial.o
 .bss           0x0080020e        0x0 /usr/lib/gcc/avr/4.5.1/avr5/libgcc.a(_mulsi3.o)
 .bss           0x0080020e        0x0 /usr/lib/gcc/avr/4.5.1/avr5/libgcc.a(_exit.o)
 .bss           0x0080020e        0x0 /usr/lib/gcc/avr/4.5.1/avr5/libgcc.a(_copy_data.o)
 .bss           0x0080020e        0x0 /usr/lib/gcc/avr/4.5.1/avr5/libgcc.a(_clear_bss.o)
 .bss           0x0080020e        0x0 /usr/lib/gcc/avr/4.5.1/avr5/libgcc.a(_fixunssfsi.o)
 .bss           0x0080020e        0x0 /usr/lib/gcc/avr/4.5.1/avr5/libgcc.a(_addsub_sf.o)
 .bss           0x0080020e        0x0 /usr/lib/gcc/avr/4.5.1/avr5/libgcc.a(_mul_sf.o)
 .bss           0x0080020e        0x0 /usr/lib/gcc/avr/4.5.1/avr5/libgcc.a(_gt_sf.o)
 .bss           0x0080020e        0x0 /usr/lib/gcc/avr/4.5.1/avr5/libgcc.a(_ge_sf.o)
 .bss           0x0080020e        0x0 /usr/lib/gcc/avr/4.5.1/avr5/libgcc.a(_lt_sf.o)
 .bss           0x0080020e        0x0 /usr/lib/gcc/avr/4.5.1/avr5/libgcc.a(_si_to_sf.o)
 .bss           0x0080020e        0x0 /usr/lib/gcc/avr/4.5.1/avr5/libgcc.a(_sf_to_si.o)
 .bss           0x0080020e        0x0 /usr/lib/gcc/avr/4.5.1/avr5/libgcc.a(_thenan_sf.o)
 .bss           0x0080020e        0x0 /usr/lib/gcc/avr/4.5.1/avr5/libgcc.a(_prologue.o)
 .bss           0x0080020e        0x0 /usr/lib/gcc/avr/4.5.1/avr5/libgcc.a(_epilogue.o)
 .bss           0x0080020e        0x0 /usr/lib/gcc/avr/4.5.1/avr5/libgcc.a(_clzsi2.o)
 .bss           0x0080020e        0x0 /usr/lib/gcc/avr/4.5.1/avr5/libgcc.a(_pack_sf.o)
 .bss           0x0080020e        0x0 /usr/lib/gcc/avr/4.5.1/avr5/libgcc.a(_unpack_sf.o)
 .bss           0x0080020e        0x0 /usr/lib/gcc/avr/4.5.1/avr5/libgcc.a(_fpcmp_parts_sf.o)
 .bss           0x0080020e        0x0 /usr/lib/gcc/avr/4.5.1/avr5/libgcc.a(_clz.o)
 .bss           0x0080020e        0x0 /usr/lib/gcc/avr/4.5.1/../../../../avr/lib/avr5/libc.a(fdevopen.o)
 .bss           0x0080020e        0x0 /usr/lib/gcc/avr/4.5.1/../../../../avr/lib/avr5/libc.a(iob.o)
 .bss           0x0080020e        0x0 /usr/lib/gcc/avr/4.5.1/../../../../avr/lib/avr5/libc.a(calloc.o)
 .bss           0x0080020e        0x0 /usr/lib/gcc/avr/4.5.1/../../../../avr/lib/avr5/libc.a(malloc.o)
 .bss           0x0080020e        0x0 /usr/lib/gcc/avr/4.5.1/../../../../avr/lib/avr5/libc.a(memset.o)
 *(.bss*)
 *(COMMON)
 COMMON         0x0080020e        0x8 time.o
                0x0080020e                call
                0x00800210                error_call
                0x00800212                num_interrupts
 COMMON         0x00800216        0x6 /usr/lib/gcc/avr/4.5.1/../../../../avr/lib/avr5/libc.a(iob.o)
                0x00800216                __iob
 COMMON         0x0080021c        0x4 /usr/lib/gcc/avr/4.5.1/../../../../avr/lib/avr5/libc.a(malloc.o)
                0x0080021c                __brkval
                0x0080021e                __flp
                0x00800220                PROVIDE (__bss_end, .)
                0x000013ac                __data_load_start = LOADADDR (.data)
                0x000014ba                __data_load_end = (__data_load_start + SIZEOF (.data))

.noinit         0x00800220        0x0
                0x00800220                PROVIDE (__noinit_start, .)
 *(.noinit*)
                0x00800220                PROVIDE (__noinit_end, .)
                0x00800220                _end = .
                0x00800220                PROVIDE (__heap_start, .)

.eeprom         0x00810000        0x0
 *(.eeprom*)
                0x00810000                __eeprom_end = .

.stab           0x00000000     0x49e0
 *(.stab)
 .stab          0x00000000      0x6cc /usr/lib/gcc/avr/4.5.1/../../../../avr/lib/avr5/crtm328p.o
 .stab          0x000006cc      0x678 custom.o
                                0x684 (size before relaxing)
 .stab          0x00000d44      0x474 time.o
                                0x63c (size before relaxing)
 .stab          0x000011b8      0x36c serial.o
                                0x57c (size before relaxing)
 .stab          0x00001524      0x318 /usr/lib/gcc/avr/4.5.1/avr5/libgcc.a(_fixunssfsi.o)
                                0x324 (size before relaxing)
 .stab          0x0000183c      0x714 /usr/lib/gcc/avr/4.5.1/avr5/libgcc.a(_addsub_sf.o)
                                0x7a4 (size before relaxing)
 .stab          0x00001f50      0x4a4 /usr/lib/gcc/avr/4.5.1/avr5/libgcc.a(_mul_sf.o)
                                0x600 (size before relaxing)
 .stab          0x000023f4      0x228 /usr/lib/gcc/avr/4.5.1/avr5/libgcc.a(_gt_sf.o)
                                0x384 (size before relaxing)
 .stab          0x0000261c      0x228 /usr/lib/gcc/avr/4.5.1/avr5/libgcc.a(_ge_sf.o)
                                0x384 (size before relaxing)
 .stab          0x00002844      0x228 /usr/lib/gcc/avr/4.5.1/avr5/libgcc.a(_lt_sf.o)
                                0x384 (size before relaxing)
 .stab          0x00002a6c      0x2b8 /usr/lib/gcc/avr/4.5.1/avr5/libgcc.a(_si_to_sf.o)
                                0x414 (size before relaxing)
 .stab          0x00002d24      0x264 /usr/lib/gcc/avr/4.5.1/avr5/libgcc.a(_sf_to_si.o)
                                0x3c0 (size before relaxing)
 .stab          0x00002f88      0x12c /usr/lib/gcc/avr/4.5.1/avr5/libgcc.a(_thenan_sf.o)
                                0x288 (size before relaxing)
 .stab          0x000030b4      0x1ec /usr/lib/gcc/avr/4.5.1/avr5/libgcc.a(_clzsi2.o)
                                0x36c (size before relaxing)
 .stab          0x000032a0      0x378 /usr/lib/gcc/avr/4.5.1/avr5/libgcc.a(_pack_sf.o)
                                0x4d4 (size before relaxing)
 .stab          0x00003618      0x2ac /usr/lib/gcc/avr/4.5.1/avr5/libgcc.a(_unpack_sf.o)
                                0x408 (size before relaxing)
 .stab          0x000038c4      0x288 /usr/lib/gcc/avr/4.5.1/avr5/libgcc.a(_fpcmp_parts_sf.o)
                                0x3e4 (size before relaxing)
 .stab          0x00003b4c      0x138 /usr/lib/gcc/avr/4.5.1/avr5/libgcc.a(_clz.o)
                                0x2b8 (size before relaxing)
 .stab          0x00003c84      0x4a4 /usr/lib/gcc/avr/4.5.1/../../../../avr/lib/avr5/libc.a(fdevopen.o)
                                0x4b0 (size before relaxing)
 .stab          0x00004128      0x12c /usr/lib/gcc/avr/4.5.1/../../../../avr/lib/avr5/libc.a(iob.o)
                                0x30c (size before relaxing)
 .stab          0x00004254      0x198 /usr/lib/gcc/avr/4.5.1/../../../../avr/lib/avr5/libc.a(calloc.o)
                                0x1d4 (size before relaxing)
 .stab          0x000043ec      0x588 /usr/lib/gcc/avr/4.5.1/../../../../avr/lib/avr5/libc.a(malloc.o)
                                0x768 (size before relaxing)
 .stab          0x00004974       0x6c /usr/lib/gcc/avr/4.5.1/../../../../avr/lib/avr5/libc.a(memset.o)
                                 0x78 (size before relaxing)

.stabstr        0x00000000     0x5aa2
 *(.stabstr)
 .stabstr       0x00000000     0x5aa2 /usr/lib/gcc/avr/4.5.1/../../../../avr/lib/avr5/crtm328p.o

.stab.excl
 *(.stab.excl)

.stab.exclstr
 *(.stab.exclstr)

.stab.index
 *(.stab.index)

.stab.indexstr
 *(.stab.indexstr)

.comment
 *(.comment)

.debug
 *(.debug)

.line
 *(.line)

.debug_srcinfo
 *(.debug_srcinfo .zdebug_srcinfo)

.debug_sfnames
 *(.debug_sfnames .zdebug_sfnames)

.debug_aranges
 *(.debug_aranges .zdebug_aranges)

.debug_pubnames
 *(.debug_pubnames .zdebug_pubnames)

.debug_info
 *(.debug_info .gnu.linkonce.wi.* .zdebug_info)

.debug_abbrev
 *(.debug_abbrev .zdebug_abbrev)

.debug_line
 *(.debug_line .zdebug_line)

.debug_frame
 *(.debug_frame .zdebug_frame)

.debug_str
 *(.debug_str .zdebug_str)

.debug_loc
 *(.debug_loc .zdebug_loc)

.debug_macinfo
 *(.debug_macinfo .zdebug_macinfo)
OUTPUT(custom.elf elf32-avr)
LOAD linker stubs
